<html>
<body>
<pre>
<h1>µVision Build Log</h1>
<h2>Project:</h2>
C:\temp\txia\project\project.uvproj
Project File Date:  05/12/2016

<h2>Output:</h2>
Build target 'STM32F407 Flash'
compiling main.c...
linking...
.\Flash\project.axf: Error: L6218E: Undefined symbol cursor_enter (referred from main.o).
.\Flash\project.axf: Error: L6218E: Undefined symbol lcd_init (referred from main.o).
.\Flash\project.axf: Error: L6218E: Undefined symbol screen_clear (referred from main.o).
.\Flash\project.axf: Error: L6218E: Undefined symbol set_text (referred from main.o).
Target not created
Build target 'STM32F407 Flash'
compiling hitachi_lcd.c...
hitachi_lcd.c(107): warning:  #223-D: function "enablePortAOE" declared implicitly
linking...
.\Flash\project.axf: Error: L6218E: Undefined symbol enablePortAOE (referred from hitachi_lcd.o).
Target not created
Rebuild target 'STM32F407 Flash'
assembling startup_stm32f4xx.s...
compiling system_stm32f4xx.c...
compiling retarget.c...
compiling serial.c...
compiling delay.c...
compiling hitachi_lcd.c...
compiling main.c...
linking...
Program Size: Code=2708 RO-data=424 RW-data=28 ZI-data=5220  
".\Flash\project.axf" - 0 Error(s), 0 Warning(s).
Load "C:\\temp\\txia\\project\\Flash\\project.AXF" 
Erase Done.
Programming Done.
Verify OK.
Build target 'STM32F407 Flash'
compiling hitachi_lcd.c...
linking...
Program Size: Code=2736 RO-data=424 RW-data=28 ZI-data=5220  
".\Flash\project.axf" - 0 Error(s), 0 Warning(s).
Rebuild target 'STM32F407 Flash'
assembling startup_stm32f4xx.s...
compiling system_stm32f4xx.c...
compiling retarget.c...
compiling serial.c...
compiling delay.c...
compiling hitachi_lcd.c...
compiling main.c...
linking...
Program Size: Code=2736 RO-data=424 RW-data=28 ZI-data=5220  
".\Flash\project.axf" - 0 Error(s), 0 Warning(s).
Load "C:\\temp\\txia\\project\\Flash\\project.AXF" 
Erase Done.
Programming Done.
Verify OK.
Build target 'STM32F407 Flash'
compiling hitachi_lcd.c...
linking...
Program Size: Code=2736 RO-data=424 RW-data=28 ZI-data=5220  
".\Flash\project.axf" - 0 Error(s), 0 Warning(s).
Load "C:\\temp\\txia\\project\\Flash\\project.AXF" 
Erase Done.
Programming Done.
Verify OK.
